// Vitest Snapshot v1, https://vitest.dev/guide/snapshot.html

exports[`e2e > should generate spec file 1`] = `
"import { test, expect } from '@playwright/test';

test.describe('Hello', () => {
  test('', async ({ page }) => {
    
  });
});
"
`;
